
> react-kavia@0.1.0 start
> react-scripts start

(node:463) [DEP_WEBPACK_DEV_SERVER_ON_AFTER_SETUP_MIDDLEWARE] DeprecationWarning: 'onAfterSetupMiddleware' option is deprecated. Please use the 'setupMiddlewares' option.
(Use `node --trace-deprecation ...` to show where the warning was created)
(node:463) [DEP_WEBPACK_DEV_SERVER_ON_BEFORE_SETUP_MIDDLEWARE] DeprecationWarning: 'onBeforeSetupMiddleware' option is deprecated. Please use the 'setupMiddlewares' option.
Starting the development server...

Compiled successfully!

You can now view react-kavia in the browser.

  Local:            http://localhost:3000
  On Your Network:  http://172.17.0.2:3000

Note that the development build is not optimized.
To create a production build, use npm run build.

webpack compiled successfully
Compiling...
Compiled successfully!
webpack compiled successfully
Compiling...
Compiled successfully!
webpack compiled successfully
Compiling...
Failed to compile.

Module not found: Error: Can't resolve 'react-router-dom' in '/home/kavia/workspace/code-generation/travelsmart-planner-21-87491b19/travelsmart_planner/src'
ERROR in ./src/App.js 5:0-97
Module not found: Error: Can't resolve 'react-router-dom' in '/home/kavia/workspace/code-generation/travelsmart-planner-21-87491b19/travelsmart_planner/src'

ERROR in ./src/App.js 7:0-41
Module not found: Error: Can't resolve './components/NavBar' in '/home/kavia/workspace/code-generation/travelsmart-planner-21-87491b19/travelsmart_planner/src'

ERROR in ./src/App.js 8:0-40
Module not found: Error: Can't resolve './pages/HomePage' in '/home/kavia/workspace/code-generation/travelsmart-planner-21-87491b19/travelsmart_planner/src'

ERROR in ./src/App.js 9:0-46
Module not found: Error: Can't resolve './pages/PlannerPage' in '/home/kavia/workspace/code-generation/travelsmart-planner-21-87491b19/travelsmart_planner/src'

ERROR in ./src/App.js 10:0-38
Module not found: Error: Can't resolve './pages/MapPage' in '/home/kavia/workspace/code-generation/travelsmart-planner-21-87491b19/travelsmart_planner/src'

ERROR in ./src/App.js 11:0-46
Module not found: Error: Can't resolve './pages/WeatherPage' in '/home/kavia/workspace/code-generation/travelsmart-planner-21-87491b19/travelsmart_planner/src'

ERROR in ./src/App.js 12:0-40
Module not found: Error: Can't resolve './pages/ChatPage' in '/home/kavia/workspace/code-generation/travelsmart-planner-21-87491b19/travelsmart_planner/src'

webpack compiled with 7 errors
Compiling...
Failed to compile.

Module not found: Error: Can't resolve 'react-router-dom' in '/home/kavia/workspace/code-generation/travelsmart-planner-21-87491b19/travelsmart_planner/src'
ERROR in ./src/App.js 5:0-97
Module not found: Error: Can't resolve 'react-router-dom' in '/home/kavia/workspace/code-generation/travelsmart-planner-21-87491b19/travelsmart_planner/src'

ERROR in ./src/App.js 8:0-40
Module not found: Error: Can't resolve './pages/HomePage' in '/home/kavia/workspace/code-generation/travelsmart-planner-21-87491b19/travelsmart_planner/src'

ERROR in ./src/App.js 9:0-46
Module not found: Error: Can't resolve './pages/PlannerPage' in '/home/kavia/workspace/code-generation/travelsmart-planner-21-87491b19/travelsmart_planner/src'

ERROR in ./src/App.js 10:0-38
Module not found: Error: Can't resolve './pages/MapPage' in '/home/kavia/workspace/code-generation/travelsmart-planner-21-87491b19/travelsmart_planner/src'

ERROR in ./src/App.js 11:0-46
Module not found: Error: Can't resolve './pages/WeatherPage' in '/home/kavia/workspace/code-generation/travelsmart-planner-21-87491b19/travelsmart_planner/src'

ERROR in ./src/App.js 12:0-40
Module not found: Error: Can't resolve './pages/ChatPage' in '/home/kavia/workspace/code-generation/travelsmart-planner-21-87491b19/travelsmart_planner/src'

ERROR in ./src/components/NavBar.js 5:0-43
Module not found: Error: Can't resolve 'react-router-dom' in '/home/kavia/workspace/code-generation/travelsmart-planner-21-87491b19/travelsmart_planner/src/components'

webpack compiled with 7 errors
Compiling...
Failed to compile.

Module not found: Error: Can't resolve 'react-router-dom' in '/home/kavia/workspace/code-generation/travelsmart-planner-21-87491b19/travelsmart_planner/src'
ERROR in ./src/App.js 5:0-97
Module not found: Error: Can't resolve 'react-router-dom' in '/home/kavia/workspace/code-generation/travelsmart-planner-21-87491b19/travelsmart_planner/src'

ERROR in ./src/App.js 9:0-46
Module not found: Error: Can't resolve './pages/PlannerPage' in '/home/kavia/workspace/code-generation/travelsmart-planner-21-87491b19/travelsmart_planner/src'

ERROR in ./src/App.js 10:0-38
Module not found: Error: Can't resolve './pages/MapPage' in '/home/kavia/workspace/code-generation/travelsmart-planner-21-87491b19/travelsmart_planner/src'

ERROR in ./src/App.js 11:0-46
Module not found: Error: Can't resolve './pages/WeatherPage' in '/home/kavia/workspace/code-generation/travelsmart-planner-21-87491b19/travelsmart_planner/src'

ERROR in ./src/App.js 12:0-40
Module not found: Error: Can't resolve './pages/ChatPage' in '/home/kavia/workspace/code-generation/travelsmart-planner-21-87491b19/travelsmart_planner/src'

ERROR in ./src/components/NavBar.js 5:0-43
Module not found: Error: Can't resolve 'react-router-dom' in '/home/kavia/workspace/code-generation/travelsmart-planner-21-87491b19/travelsmart_planner/src/components'

ERROR in ./src/pages/HomePage.js 6:0-47
Module not found: Error: Can't resolve 'react-router-dom' in '/home/kavia/workspace/code-generation/travelsmart-planner-21-87491b19/travelsmart_planner/src/pages'

webpack compiled with 7 errors
Compiling...
Failed to compile.

Module not found: Error: Can't resolve 'react-router-dom' in '/home/kavia/workspace/code-generation/travelsmart-planner-21-87491b19/travelsmart_planner/src'
ERROR in ./src/App.js 5:0-97
Module not found: Error: Can't resolve 'react-router-dom' in '/home/kavia/workspace/code-generation/travelsmart-planner-21-87491b19/travelsmart_planner/src'

ERROR in ./src/App.js 10:0-38
Module not found: Error: Can't resolve './pages/MapPage' in '/home/kavia/workspace/code-generation/travelsmart-planner-21-87491b19/travelsmart_planner/src'

ERROR in ./src/App.js 11:0-46
Module not found: Error: Can't resolve './pages/WeatherPage' in '/home/kavia/workspace/code-generation/travelsmart-planner-21-87491b19/travelsmart_planner/src'

ERROR in ./src/App.js 12:0-40
Module not found: Error: Can't resolve './pages/ChatPage' in '/home/kavia/workspace/code-generation/travelsmart-planner-21-87491b19/travelsmart_planner/src'

ERROR in ./src/components/NavBar.js 5:0-43
Module not found: Error: Can't resolve 'react-router-dom' in '/home/kavia/workspace/code-generation/travelsmart-planner-21-87491b19/travelsmart_planner/src/components'

ERROR in ./src/pages/HomePage.js 6:0-47
Module not found: Error: Can't resolve 'react-router-dom' in '/home/kavia/workspace/code-generation/travelsmart-planner-21-87491b19/travelsmart_planner/src/pages'

webpack compiled with 6 errors
Compiling...
Failed to compile.

Module not found: Error: Can't resolve 'react-router-dom' in '/home/kavia/workspace/code-generation/travelsmart-planner-21-87491b19/travelsmart_planner/src'
ERROR in ./src/App.js 5:0-97
Module not found: Error: Can't resolve 'react-router-dom' in '/home/kavia/workspace/code-generation/travelsmart-planner-21-87491b19/travelsmart_planner/src'

ERROR in ./src/App.js 11:0-46
Module not found: Error: Can't resolve './pages/WeatherPage' in '/home/kavia/workspace/code-generation/travelsmart-planner-21-87491b19/travelsmart_planner/src'

ERROR in ./src/App.js 12:0-40
Module not found: Error: Can't resolve './pages/ChatPage' in '/home/kavia/workspace/code-generation/travelsmart-planner-21-87491b19/travelsmart_planner/src'

ERROR in ./src/components/NavBar.js 5:0-43
Module not found: Error: Can't resolve 'react-router-dom' in '/home/kavia/workspace/code-generation/travelsmart-planner-21-87491b19/travelsmart_planner/src/components'

ERROR in ./src/pages/HomePage.js 6:0-47
Module not found: Error: Can't resolve 'react-router-dom' in '/home/kavia/workspace/code-generation/travelsmart-planner-21-87491b19/travelsmart_planner/src/pages'

ERROR in ./src/pages/MapPage.js 5:0-71
Module not found: Error: Can't resolve 'react-leaflet' in '/home/kavia/workspace/code-generation/travelsmart-planner-21-87491b19/travelsmart_planner/src/pages'

ERROR in ./src/pages/MapPage.js 6:0-34
Module not found: Error: Can't resolve 'leaflet/dist/leaflet.css' in '/home/kavia/workspace/code-generation/travelsmart-planner-21-87491b19/travelsmart_planner/src/pages'

ERROR in ./src/pages/MapPage.js 9:0-24
Module not found: Error: Can't resolve 'leaflet' in '/home/kavia/workspace/code-generation/travelsmart-planner-21-87491b19/travelsmart_planner/src/pages'

webpack compiled with 8 errors
Compiling...
Failed to compile.

Module not found: Error: Can't resolve 'react-router-dom' in '/home/kavia/workspace/code-generation/travelsmart-planner-21-87491b19/travelsmart_planner/src'
ERROR in ./src/App.js 5:0-97
Module not found: Error: Can't resolve 'react-router-dom' in '/home/kavia/workspace/code-generation/travelsmart-planner-21-87491b19/travelsmart_planner/src'

ERROR in ./src/App.js 12:0-40
Module not found: Error: Can't resolve './pages/ChatPage' in '/home/kavia/workspace/code-generation/travelsmart-planner-21-87491b19/travelsmart_planner/src'

ERROR in ./src/components/NavBar.js 5:0-43
Module not found: Error: Can't resolve 'react-router-dom' in '/home/kavia/workspace/code-generation/travelsmart-planner-21-87491b19/travelsmart_planner/src/components'

ERROR in ./src/pages/HomePage.js 6:0-47
Module not found: Error: Can't resolve 'react-router-dom' in '/home/kavia/workspace/code-generation/travelsmart-planner-21-87491b19/travelsmart_planner/src/pages'

ERROR in ./src/pages/MapPage.js 5:0-71
Module not found: Error: Can't resolve 'react-leaflet' in '/home/kavia/workspace/code-generation/travelsmart-planner-21-87491b19/travelsmart_planner/src/pages'

ERROR in ./src/pages/MapPage.js 6:0-34
Module not found: Error: Can't resolve 'leaflet/dist/leaflet.css' in '/home/kavia/workspace/code-generation/travelsmart-planner-21-87491b19/travelsmart_planner/src/pages'

ERROR in ./src/pages/MapPage.js 9:0-24
Module not found: Error: Can't resolve 'leaflet' in '/home/kavia/workspace/code-generation/travelsmart-planner-21-87491b19/travelsmart_planner/src/pages'

webpack compiled with 7 errors
